ASxxxx Linker V03.00 + NoICE + sdld,  page 1.
Hexadecimal  [32-Bits]

Area                                    Addr        Size        Decimal Bytes (Attributes)
--------------------------------        ----        ----        ------- ----- ------------
CABS                                00000000    00000000 =           0. bytes (ABS,CON,CODE)

      Value  Global                              Global Defined In Module
      -----  --------------------------------   ------------------------
C:   00000000  l_CABS                          
C:   00000000  l_GSINIT                        
C:   00000000  l_GSINIT0                       
C:   00000000  l_GSINIT1                       
C:   00000000  l_GSINIT2                       
C:   00000000  l_GSINIT5                       
C:   00000000  l_IABS                          
C:   00000000  l_ISEG                          
C:   00000000  l_PSEG                          
C:   00000000  l_REG_BANK_2                    
C:   00000000  l_REG_BANK_3                    
C:   00000000  l_RSEG                          
C:   00000000  l_RSEG0                         
C:   00000000  l_RSEG1                         
C:   00000000  l_XABS                          
C:   00000000  l_XINIT                         
C:   00000000  l_XISEG                         
C:   00000000  l_XSEG                          
C:   00000000  l__CODE                         
C:   00000000  s_BSEG                          
C:   00000000  s_CABS                          
C:   00000000  s_DSEG                          
C:   00000000  s_HOME                          
C:   00000000  s_IABS                          
C:   00000000  s_ISEG                          
C:   00000000  s_REG_BANK_0                    
C:   00000000  s_RSEG                          
C:   00000000  s_RSEG0                         
C:   00000000  s_RSEG1                         
C:   00000000  s_XABS                          
C:   00000001  l_BIT_BANK                      
C:   00000001  l_BSEG_BYTES                    
C:   00000001  s_PSEG                          
C:   00000001  s_XISEG                         
C:   00000001  s_XSEG                          
C:   00000002  l_OSEG                          
C:   00000003  l_GSFINAL                       
C:   00000006  l_BSEG                          
C:   00000008  l_REG_BANK_0                    
C:   00000008  l_REG_BANK_1                    
C:   00000008  s_REG_BANK_1                    
C:   00000010  s_REG_BANK_2                    
C:   00000012  l_CONST                         
C:   00000018  s_REG_BANK_3                    
C:   00000019  l_HOME                          
C:   00000019  s_GSINIT0                       
C:   00000019  s_GSINIT1                       
C:   00000019  s_GSINIT2                       
C:   00000019  s_GSINIT3                       
C:   00000020  s_BSEG_BYTES                    
ASxxxx Linker V03.00 + NoICE + sdld,  page 2.
Hexadecimal  [32-Bits]

Area                                    Addr        Size        Decimal Bytes (Attributes)
--------------------------------        ----        ----        ------- ----- ------------
CABS                                00000000    00000000 =           0. bytes (ABS,CON,CODE)

      Value  Global                              Global Defined In Module
      -----  --------------------------------   ------------------------
C:   00000020  s__CODE                         
C:   00000021  s_BIT_BANK                      
C:   00000022  l_GSINIT3                       
C:   0000002A  l_GSINIT4                       
C:   0000003B  s_GSINIT4                       
C:   00000054  s_OSEG                          
C:   00000056  s_SSEG                          
C:   00000062  l_DSEG                          
C:   00000065  s_GSFINAL                       
C:   00000065  s_GSINIT                        
C:   00000065  s_GSINIT5                       
C:   00000068  s_CSEG                          
C:   000000AA  l_SSEG                          
C:   00000100  l_IRAM                          
C:   00000B86  l_CSEG                          
C:   00000BEE  s_CONST                         
C:   00000C00  s_XINIT                         

ASxxxx Linker V03.00 + NoICE + sdld,  page 3.
Hexadecimal  [32-Bits]

Area                                    Addr        Size        Decimal Bytes (Attributes)
--------------------------------        ----        ----        ------- ----- ------------
.  .ABS.                            00000000    00000000 =           0. bytes (ABS,CON)

      Value  Global                              Global Defined In Module
      -----  --------------------------------   ------------------------
     00000000  .__.ABS.                           _gptrget
     00000080  _P0                                lcd
     00000080  _P0_0                              lcd
     00000081  _P0_1                              lcd
     00000081  _SP                                lcd
     00000082  _DPL                               lcd
     00000082  _P0_2                              lcd
     00000083  _DPH                               lcd
     00000083  _P0_3                              lcd
     00000084  _P0_4                              lcd
     00000085  _P0_5                              lcd
     00000086  _P0_6                              lcd
     00000087  _P0_7                              lcd
     00000087  _PCON                              lcd
     00000088  _IT0                               lcd
     00000088  _TCON                              lcd
     00000089  _IE0                               lcd
     00000089  _TMOD                              lcd
     0000008A  _IT1                               lcd
     0000008A  _TL0                               lcd
     0000008B  _IE1                               lcd
     0000008B  _TL1                               lcd
     0000008C  _TH0                               lcd
     0000008C  _TR0                               lcd
     0000008D  _TF0                               lcd
     0000008D  _TH1                               lcd
     0000008E  _TR1                               lcd
     0000008F  _TF1                               lcd
     00000090  _P1                                lcd
     00000090  _P1_0                              lcd
     00000091  _P1_1                              lcd
     00000092  _P1_2                              lcd
     00000093  _P1_3                              lcd
     00000094  _P1_4                              lcd
     00000095  _P1_5                              lcd
     00000096  _P1_6                              lcd
     00000097  _P1_7                              lcd
     00000098  _RI                                lcd
     00000098  _SCON                              lcd
     00000099  _SBUF                              lcd
     00000099  _TI                                lcd
     0000009A  _RB8                               lcd
     0000009B  _TB8                               lcd
     0000009C  _REN                               lcd
     0000009D  _SM2                               lcd
     0000009E  _SM1                               lcd
     0000009F  _SM0                               lcd
     000000A0  _P2                                lcd
     000000A0  _P2_0                              lcd
     000000A0  __XPAGE                            
ASxxxx Linker V03.00 + NoICE + sdld,  page 4.
Hexadecimal  [32-Bits]

Area                                    Addr        Size        Decimal Bytes (Attributes)
--------------------------------        ----        ----        ------- ----- ------------
.  .ABS.                            00000000    00000000 =           0. bytes (ABS,CON)

      Value  Global                              Global Defined In Module
      -----  --------------------------------   ------------------------
     000000A1  _P2_1                              lcd
     000000A2  _P2_2                              lcd
     000000A3  _P2_3                              lcd
     000000A4  _P2_4                              lcd
     000000A5  _P2_5                              lcd
     000000A6  _P2_6                              lcd
     000000A7  _P2_7                              lcd
     000000A8  _EX0                               lcd
     000000A8  _IE                                lcd
     000000A9  _ET0                               lcd
     000000AA  _EX1                               lcd
     000000AB  _ET1                               lcd
     000000AC  _ES                                lcd
     000000AF  _EA                                lcd
     000000B0  _P3                                lcd
     000000B0  _P3_0                              lcd
     000000B0  _RXD                               lcd
     000000B1  _P3_1                              lcd
     000000B1  _TXD                               lcd
     000000B2  _INT0                              lcd
     000000B2  _P3_2                              lcd
     000000B3  _INT1                              lcd
     000000B3  _P3_3                              lcd
     000000B4  _P3_4                              lcd
     000000B4  _T0                                lcd
     000000B5  _P3_5                              lcd
     000000B5  _T1                                lcd
     000000B6  _P3_6                              lcd
     000000B6  _WR                                lcd
     000000B7  _P3_7                              lcd
     000000B7  _RD                                lcd
     000000B8  _IP                                lcd
     000000B8  _PX0                               lcd
     000000B9  _PT0                               lcd
     000000BA  _PX1                               lcd
     000000BB  _PT1                               lcd
     000000BC  _PS                                lcd
     000000D0  _P                                 lcd
     000000D0  _PSW                               lcd
     000000D1  _F1                                lcd
     000000D2  _OV                                lcd
     000000D3  _RS0                               lcd
     000000D4  _RS1                               lcd
     000000D5  _F0                                lcd
     000000D6  _AC                                lcd
     000000D7  _CY                                lcd
     000000E0  _ACC                               lcd
     000000F0  _B                                 lcd
     000000F5  _B_5                               _gptrget
     000000F6  _B_6                               _gptrget
     000000F7  _B_7                               _gptrget

ASxxxx Linker V03.00 + NoICE + sdld,  page 5.
Hexadecimal  [32-Bits]

Area                                    Addr        Size        Decimal Bytes (Attributes)
--------------------------------        ----        ----        ------- ----- ------------
BSEG_BYTES                          00000020    00000001 =           1. bytes (REL,CON)

      Value  Global                              Global Defined In Module
      -----  --------------------------------   ------------------------
ASxxxx Linker V03.00 + NoICE + sdld,  page 6.
Hexadecimal  [32-Bits]

Area                                    Addr        Size        Decimal Bytes (Attributes)
--------------------------------        ----        ----        ------- ----- ------------
REG_BANK_0                          00000000    00000008 =           8. bytes (REL,OVR)

      Value  Global                              Global Defined In Module
      -----  --------------------------------   ------------------------
ASxxxx Linker V03.00 + NoICE + sdld,  page 7.
Hexadecimal  [32-Bits]

Area                                    Addr        Size        Decimal Bytes (Attributes)
--------------------------------        ----        ----        ------- ----- ------------
REG_BANK_1                          00000008    00000008 =           8. bytes (REL,OVR)

      Value  Global                              Global Defined In Module
      -----  --------------------------------   ------------------------
ASxxxx Linker V03.00 + NoICE + sdld,  page 8.
Hexadecimal  [32-Bits]

Area                                    Addr        Size        Decimal Bytes (Attributes)
--------------------------------        ----        ----        ------- ----- ------------
BIT_BANK                            00000021    00000001 =           1. bytes (REL,OVR)

      Value  Global                              Global Defined In Module
      -----  --------------------------------   ------------------------
ASxxxx Linker V03.00 + NoICE + sdld,  page 9.
Hexadecimal  [32-Bits]

Area                                    Addr        Size        Decimal Bytes (Attributes)
--------------------------------        ----        ----        ------- ----- ------------
DSEG                                00000000    00000062 =          98. bytes (REL,CON)

      Value  Global                              Global Defined In Module
      -----  --------------------------------   ------------------------
     00000030  _SEC                               lcd
     00000032  _MIN                               lcd
     00000034  _HOUR                              lcd
     00000036  _DAY                               lcd
     00000038  _MONTH                             lcd
     0000003A  _YEAR                              lcd
     0000003C  _clock_setup_PARM_2                lcd
     00000052  _sendValue_PARM_2                  lcd

ASxxxx Linker V03.00 + NoICE + sdld,  page 10.
Hexadecimal  [32-Bits]

Area                                    Addr        Size        Decimal Bytes (Attributes)
--------------------------------        ----        ----        ------- ----- ------------
OSEG                                00000054    00000002 =           2. bytes (REL,OVR)

      Value  Global                              Global Defined In Module
      -----  --------------------------------   ------------------------
     00000054  __divsint_PARM_2                   _divuint
     00000054  __divuint_PARM_2                   _divuint
     00000054  __modsint_PARM_2                   _moduint
     00000054  __moduint_PARM_2                   _moduint
     00000054  __mulint_PARM_2                    _mulint

ASxxxx Linker V03.00 + NoICE + sdld,  page 11.
Hexadecimal  [32-Bits]

Area                                    Addr        Size        Decimal Bytes (Attributes)
--------------------------------        ----        ----        ------- ----- ------------
SSEG                                00000056    000000AA =         170. bytes (REL,OVR)

      Value  Global                              Global Defined In Module
      -----  --------------------------------   ------------------------
     00000056  __start__stack                     lcd

ASxxxx Linker V03.00 + NoICE + sdld,  page 12.
Hexadecimal  [32-Bits]

Area                                    Addr        Size        Decimal Bytes (Attributes)
--------------------------------        ----        ----        ------- ----- ------------
HOME                                00000000    00000019 =          25. bytes (REL,CON,CODE)

      Value  Global                              Global Defined In Module
      -----  --------------------------------   ------------------------
C:   00000016  __sdcc_program_startup             lcd

ASxxxx Linker V03.00 + NoICE + sdld,  page 13.
Hexadecimal  [32-Bits]

Area                                    Addr        Size        Decimal Bytes (Attributes)
--------------------------------        ----        ----        ------- ----- ------------
GSINIT3                             00000019    00000022 =          34. bytes (REL,CON,CODE)

      Value  Global                              Global Defined In Module
      -----  --------------------------------   ------------------------
C:   00000019  __mcs51_genXINIT                   

ASxxxx Linker V03.00 + NoICE + sdld,  page 14.
Hexadecimal  [32-Bits]

Area                                    Addr        Size        Decimal Bytes (Attributes)
--------------------------------        ----        ----        ------- ----- ------------
GSINIT4                             0000003B    0000002A =          42. bytes (REL,CON,CODE)

      Value  Global                              Global Defined In Module
      -----  --------------------------------   ------------------------
C:   0000003B  __mcs51_genRAMCLEAR                
C:   00000041  __mcs51_genXRAMCLEAR               

ASxxxx Linker V03.00 + NoICE + sdld,  page 15.
Hexadecimal  [32-Bits]

Area                                    Addr        Size        Decimal Bytes (Attributes)
--------------------------------        ----        ----        ------- ----- ------------
GSFINAL                             00000065    00000003 =           3. bytes (REL,CON,CODE)

      Value  Global                              Global Defined In Module
      -----  --------------------------------   ------------------------
ASxxxx Linker V03.00 + NoICE + sdld,  page 16.
Hexadecimal  [32-Bits]

Area                                    Addr        Size        Decimal Bytes (Attributes)
--------------------------------        ----        ----        ------- ----- ------------
CSEG                                00000068    00000B86 =        2950. bytes (REL,CON,CODE)

      Value  Global                              Global Defined In Module
      -----  --------------------------------   ------------------------
C:   00000068  _main                              lcd
C:   000000B6  _timer0_isr                        lcd
C:   00000346  _int0_isr                          lcd
C:   0000039F  _int1_isr                          lcd
C:   000003F9  _clock_setup                       lcd
C:   00000A22  _sendValue                         lcd
C:   00000A57  _returnHome                        lcd
C:   00000A63  _entryModeSet                      lcd
C:   00000A6F  _displayOnOffControl               lcd
C:   00000A8C  _cursorOrDisplayShift              lcd
C:   00000AA9  _functionSet                       lcd
C:   00000AB5  _clearDisplay                      lcd
C:   00000AC1  _setDdRamAddress                   lcd
C:   00000AD1  _sendChar                          lcd
C:   00000ADE  _sendString                        lcd
C:   00000B0B  _delay                             lcd
C:   00000B14  _big_delay                         lcd
C:   00000B1E  _timer_delay                       lcd
C:   00000B39  __sdcc_gsinit_startup              lcd
C:   00000B3F  __divuint                          _divuint
C:   00000B68  __mulint                           _mulint
C:   00000B68  __mulint_dummy                     _mulint
C:   00000B85  __moduint                          _moduint
C:   00000BD2  __gptrget                          _gptrget
ASxxxx Linker V03.00 + NoICE + sdld,  page 17.
Hexadecimal  [32-Bits]

Area                                    Addr        Size        Decimal Bytes (Attributes)
--------------------------------        ----        ----        ------- ----- ------------
CONST                               00000BEE    00000012 =          18. bytes (REL,CON,CODE)

      Value  Global                              Global Defined In Module
      -----  --------------------------------   ------------------------
ASxxxx Linker V03.00 + NoICE + sdld,  page 18.

Files Linked                              [ module(s) ]

lcd.rel                                   [  ]


Libraries Linked                          [ object file ]

C:\Program Files\SDCC\bin\..\lib\small/libint.lib
                                          [ _divuint.rel ]
C:\Program Files\SDCC\bin\..\lib\small/mcs51.lib
                                          [ crtclear.rel ]
C:\Program Files\SDCC\bin\..\lib\small/mcs51.lib
                                          [ crtxinit.rel ]
C:\Program Files\SDCC\bin\..\lib\small/libint.lib
                                          [ _mulint.rel ]
C:\Program Files\SDCC\bin\..\lib\small/libint.lib
                                          [ _moduint.rel ]
C:\Program Files\SDCC\bin\..\lib\small/mcs51.lib
                                          [ crtxclear.rel ]
C:\Program Files\SDCC\bin\..\lib\small/mcs51.lib
                                          [ crtpagesfr.rel ]
C:\Program Files\SDCC\bin\..\lib\small/libsdcc.lib
                                          [ _gptrget.rel ]

ASxxxx Linker V03.00 + NoICE + sdld,  page 19.

User Base Address Definitions

HOME = 0x0000
DSEG = 0x0030
XSEG = 0x0001
PSEG = 0x0001
ISEG = 0x0000
BSEG = 0x0000
SSEG = 0x0030

